OK required_stages_completed
OK executed_sources_unchanged
OK notebooks_keep_successful_outputs
OK full_preference_split
OK no_train_eval_prompt_overlap
OK adapter_matches_saved_split
OK full_sft_sample_count
OK response_only_sft_loss
OK sft_loss_decreases
OK dpo_reference_is_sft
OK one_full_dpo_epoch
OK train_and_heldout_rewards_saved
OK diagnosis_matches_reward_history
OK heldout_evaluated_every_25_steps
OK dpo_same_data_and_config
OK eight_fixed_and_fifty_heldout
OK generation_uses_unseen_distinct_prompts
OK judge_matches_exact_outputs
OK judge_records_preserve_answers
OK judge_summary_recomputed
OK two_real_judges_recorded
OK panel_obeys_sanity_filter
OK rm_verdicts_match_saved_scores
OK per_judge_summary_recomputed
OK judge_agreement_recomputed
