Using Python 3.12.15 environment at: /opt/day22-venv
Resolved 179 packages in 7.37s
   Building rouge-score==0.1.2
   Building sqlitedict==2.1.0
   Building word2number==1.1
Downloading torchao (6.6MiB)
Downloading lm-eval (8.7MiB)
Downloading scipy (33.7MiB)
Downloading nltk (1.7MiB)
Downloading lxml (5.0MiB)
Downloading scikit-learn (8.7MiB)
   Building langdetect==1.0.9
      Built word2number==1.1
      Built sqlitedict==2.1.0
      Built rouge-score==0.1.2
 Downloaded nltk
 Downloaded lxml
 Downloaded torchao
 Downloaded scikit-learn
 Downloaded lm-eval
      Built langdetect==1.0.9
 Downloaded scipy
Prepared 34 packages in 3.99s
Uninstalled 1 package in 20ms
Installed 34 packages in 458ms
 + absl-py==2.5.0
 + antlr4-python3-runtime==4.11.0
 + chardet==6.0.0.post1
 + cloudpickle==3.1.2
 + colorama==0.4.6
 + dataproperty==1.1.1
 + evaluate==0.4.6
 + immutabledict==4.3.1
 + joblib==1.6.0
 + langdetect==1.0.9
 + latex2sympy2-extended==1.11.0
 + lm-eval==0.4.13
 + lxml==6.1.3
 + math-verify==0.9.0
 + mbstrdecoder==1.1.5
 + more-itertools==11.1.0
 + narwhals==2.26.0
 + nltk==3.10.3
 + pathvalidate==3.3.1
 + portalocker==4.4.0
 + pytablewriter==1.2.1
 + pytz==2026.5
 + rouge-score==0.1.2
 + sacrebleu==2.6.0
 + scikit-learn==1.9.1
 + scipy==1.18.1
 + sqlitedict==2.1.0
 + tabledata==1.3.5
 + tabulate==0.10.0
 + tcolorpy==0.1.7
 + threadpoolctl==3.7.0
 - torchao==0.18.0
 + torchao==0.13.0
 + typepy==1.3.5
 + word2number==1.1
