Warning: You are sending unauthenticated requests to the HF Hub. Please set a HF_TOKEN to enable higher rate limits and faster downloads.

Fetching 2 files:   0%|          | 0/2 [00:00<?, ?it/s]
Fetching 2 files:  50%|█████     | 1/2 [00:49<00:49, 49.10s/it]
Fetching 2 files: 100%|██████████| 2/2 [01:04<00:00, 29.11s/it]
Fetching 2 files: 100%|██████████| 2/2 [01:04<00:00, 32.11s/it]

Loading weights:   0%|          | 0/399 [00:00<?, ?it/s]
Loading weights:   0%|          | 1/399 [00:05<35:40,  5.38s/it]
Loading weights:  14%|█▍        | 55/399 [00:05<00:24, 14.13it/s]
Loading weights:  22%|██▏       | 86/399 [00:06<00:16, 19.30it/s]
Loading weights:  26%|██▋       | 105/399 [00:06<00:12, 22.74it/s]
Loading weights:  30%|██▉       | 118/399 [00:07<00:13, 21.45it/s]
Loading weights:  32%|███▏      | 127/399 [00:08<00:14, 18.39it/s]
Loading weights:  34%|███▍      | 135/399 [00:08<00:14, 18.36it/s]
Loading weights:  35%|███▌      | 140/399 [00:09<00:14, 17.39it/s]
Loading weights:  37%|███▋      | 146/399 [00:09<00:15, 16.56it/s]
Loading weights:  37%|███▋      | 149/399 [00:09<00:17, 14.66it/s]
Loading weights:  39%|███▉      | 157/399 [00:10<00:15, 15.55it/s]
Loading weights:  40%|████      | 160/399 [00:10<00:17, 13.75it/s]
Loading weights:  42%|████▏     | 168/399 [00:11<00:15, 14.95it/s]
Loading weights:  43%|████▎     | 170/399 [00:11<00:18, 12.49it/s]
Loading weights:  45%|████▍     | 179/399 [00:12<00:14, 14.93it/s]
Loading weights:  45%|████▌     | 181/399 [00:12<00:17, 12.20it/s]
Loading weights:  48%|████▊     | 190/399 [00:12<00:13, 15.01it/s]
Loading weights:  48%|████▊     | 192/399 [00:13<00:17, 12.08it/s]
Loading weights:  50%|█████     | 201/399 [00:13<00:13, 14.92it/s]
Loading weights:  51%|█████     | 203/399 [00:14<00:16, 12.17it/s]
Loading weights:  53%|█████▎    | 212/399 [00:14<00:12, 14.86it/s]
Loading weights:  54%|█████▎    | 214/399 [00:14<00:14, 12.39it/s]
Loading weights:  56%|█████▌    | 223/399 [00:15<00:11, 15.74it/s]
Loading weights:  56%|█████▋    | 225/399 [00:15<00:13, 12.82it/s]
Loading weights:  59%|█████▊    | 234/399 [00:16<00:10, 15.68it/s]
Loading weights:  59%|█████▉    | 236/399 [00:16<00:11, 13.82it/s]
Loading weights:  61%|██████▏   | 245/399 [00:16<00:10, 14.82it/s]
Loading weights:  62%|██████▏   | 247/399 [00:17<00:13, 11.34it/s]
Loading weights:  64%|██████▍   | 256/399 [00:17<00:10, 13.19it/s]
Loading weights:  65%|██████▍   | 258/399 [00:18<00:13, 10.66it/s]
Loading weights:  67%|██████▋   | 267/399 [00:18<00:09, 14.53it/s]
Loading weights:  67%|██████▋   | 269/399 [00:19<00:10, 11.95it/s]
Loading weights:  70%|██████▉   | 278/399 [00:19<00:08, 15.01it/s]
Loading weights:  70%|███████   | 280/399 [00:19<00:09, 12.00it/s]
Loading weights:  72%|███████▏  | 289/399 [00:20<00:07, 14.90it/s]
Loading weights:  73%|███████▎  | 291/399 [00:20<00:08, 12.01it/s]
Loading weights:  75%|███████▌  | 300/399 [00:21<00:06, 14.98it/s]
Loading weights:  76%|███████▌  | 302/399 [00:21<00:08, 12.00it/s]
Loading weights:  78%|███████▊  | 311/399 [00:21<00:05, 14.98it/s]
Loading weights:  78%|███████▊  | 313/399 [00:22<00:07, 12.03it/s]
Loading weights:  81%|████████  | 322/399 [00:22<00:05, 14.86it/s]
Loading weights:  81%|████████  | 324/399 [00:23<00:06, 11.94it/s]
Loading weights:  83%|████████▎ | 333/399 [00:23<00:04, 14.97it/s]
Loading weights:  84%|████████▍ | 335/399 [00:23<00:05, 11.99it/s]
Loading weights:  86%|████████▌ | 344/399 [00:24<00:03, 14.99it/s]
Loading weights:  87%|████████▋ | 346/399 [00:24<00:04, 12.03it/s]
Loading weights:  89%|████████▉ | 355/399 [00:25<00:02, 14.97it/s]
Loading weights:  89%|████████▉ | 357/399 [00:25<00:03, 11.97it/s]
Loading weights:  92%|█████████▏| 366/399 [00:25<00:02, 15.03it/s]
Loading weights:  92%|█████████▏| 368/399 [00:26<00:02, 12.07it/s]
Loading weights:  94%|█████████▍| 377/399 [00:26<00:01, 14.99it/s]
Loading weights:  95%|█████████▍| 379/399 [00:27<00:01, 12.23it/s]
Loading weights:  97%|█████████▋| 388/399 [00:27<00:00, 15.25it/s]
Loading weights:  98%|█████████▊| 390/399 [00:27<00:00, 12.28it/s]
Loading weights: 100%|██████████| 399/399 [00:27<00:00, 14.27it/s]
Some parameters are on the meta device because they were offloaded to the cpu.
sanity 1/12: correct=True
sanity 2/12: correct=True
sanity 3/12: correct=True
sanity 4/12: correct=True
sanity 5/12: correct=True
sanity 6/12: correct=True
sanity 7/12: correct=True
sanity 8/12: correct=True
sanity 9/12: correct=True
sanity 10/12: correct=True
sanity 11/12: correct=True
sanity 12/12: correct=True
Sanity accuracy: 100.0%; passed=True
